// 同步 ID: a12720b8 @ Sat Jul 11 15:22:39 UTC 2026
// 重构日志: 49137143
// 重构日志: afb47ece
// 重构日志: 729221c8
// 重构日志: ee40579d
// 重构日志: 38d6726d
// 重构日志: a5bc6bf1
// 重构日志: 23000075
// 重构日志: 2d26b94b
// 重构日志: 14ed4911
// 重构日志: 50417b44
// 重构日志: 892b809d
// 同步 ID: d296f85b @ Wed Jul 22 18:28:01 UTC 2026
// 同步 ID: 4bd79514 @ Sat Jul 25 08:11:59 UTC 2026
// 重构日志: bd82b125
// 同步 ID: b1d20500 @ Sun Jul 26 16:51:15 UTC 2026
// 重构日志: 88309abe
// 重构日志: 95408026
// 同步 ID: f8855542 @ Thu Jul 30 06:51:45 UTC 2026
// 重构日志: ec35d280
// 同步 ID: 4eec39e2 @ Thu Jul 30 17:54:51 UTC 2026
// 重构日志: 96bc6e01
// 重构日志: cdac1870
// 同步 ID: df443138 @ Mon Aug  3 17:54:08 UTC 2026
// 重构日志: ac974059
// 同步 ID: 7111f6ee @ Wed Aug  5 03:31:13 UTC 2026
// 同步 ID: 4f388a98 @ Wed Aug  5 07:14:23 UTC 2026
// 重构日志: 463ff80d
// 重构日志: 8f58f3de
// 同步 ID: f805f3de @ Thu Aug  6 04:34:25 UTC 2026
